#
# There is insufficient memory for the Java Runtime Environment to continue.
# Native memory allocation (malloc) failed to allocate 1048576 bytes. Error detail: AllocateHeap
# Possible reasons:
#   The system is out of physical RAM or swap space
#   This process is running with CompressedOops enabled, and the Java Heap may be blocking the growth of the native heap
# Possible solutions:
#   Reduce memory load on the system
#   Increase physical memory or swap space
#   Check if swap backing store is full
#   Decrease Java heap size (-Xmx/-Xms)
#   Decrease number of Java threads
#   Decrease Java thread stack sizes (-Xss)
#   Set larger code cache with -XX:ReservedCodeCacheSize=
#   JVM is running with Unscaled Compressed Oops mode in which the Java heap is
#     placed in the first 4GB address space. The Java Heap base address is the
#     maximum limit for the native heap growth. Please use -XX:HeapBaseMinAddress
#     to set the Java Heap base and to place the Java Heap above 4GB virtual address.
# This output file may be truncated or incomplete.
#
#  Out of Memory Error (allocation.cpp:44), pid=12340, tid=19164
#
# JRE version: OpenJDK Runtime Environment Temurin-21.0.10+7 (21.0.10+7) (build 21.0.10+7-LTS)
# Java VM: OpenJDK 64-Bit Server VM Temurin-21.0.10+7 (21.0.10+7-LTS, mixed mode, sharing, tiered, compressed oops, compressed class ptrs, parallel gc, windows-amd64)
# No core dump will be written. Minidumps are not enabled by default on client versions of Windows
#

---------------  S U M M A R Y ------------

Command Line: --add-modules=ALL-SYSTEM --add-opens=java.base/java.util=ALL-UNNAMED --add-opens=java.base/java.lang=ALL-UNNAMED --add-opens=java.base/sun.nio.fs=ALL-UNNAMED -Declipse.application=org.eclipse.jdt.ls.core.id1 -Dosgi.bundles.defaultStartLevel=4 -Declipse.product=org.eclipse.jdt.ls.core.product -Djava.import.generatesMetadataFilesAtProjectRoot=false -DDetectVMInstallationsJob.disabled=true -Dfile.encoding=utf8 -XX:+UseParallelGC -XX:GCTimeRatio=4 -XX:AdaptiveSizePolicyWeight=90 -Dsun.zip.disableMemoryMapping=true -Xmx2G -Xms100m -Xlog:disable -javaagent:c:\Users\andri\.antigravity\extensions\redhat.java-1.53.0-win32-x64\lombok\lombok-1.18.39-4050.jar -XX:+HeapDumpOnOutOfMemoryError -XX:HeapDumpPath=c:\Users\andri\AppData\Roaming\Antigravity\User\workspaceStorage\5c52631c389aa81b0f01dd8e63f1c069\redhat.java -Daether.dependencyCollector.impl=bf c:\Users\andri\.antigravity\extensions\redhat.java-1.53.0-win32-x64\server\plugins\org.eclipse.equinox.launcher_1.7.100.v20251111-0406.jar -configuration c:\Users\andri\AppData\Roaming\Antigravity\User\globalStorage\redhat.java\1.53.0\config_win -data c:\Users\andri\AppData\Roaming\Antigravity\User\workspaceStorage\5c52631c389aa81b0f01dd8e63f1c069\redhat.java\jdt_ws --pipe=\\.\pipe\lsp-2a980f97d490d5bbc5f9a96f24aff2ff-sock

Host: Intel(R) Celeron(R) N5100 @ 1.10GHz, 4 cores, 3G,  Windows 11 , 64 bit Build 26100 (10.0.26100.7920)
Time: Mon Apr  6 23:22:16 2026 Malay Peninsula Standard Time elapsed time: 8702.225749 seconds (0d 2h 25m 2s)

---------------  T H R E A D  ---------------

Current thread (0x000002205f143500):  JavaThread "Attach Listener" daemon [_thread_in_vm, id=19164, stack(0x000000d71f700000,0x000000d71f800000) (1024K)]

Stack: [0x000000d71f700000,0x000000d71f800000]
Native frames: (J=compiled Java code, j=interpreted, Vv=VM code, C=native code)
V  [jvm.dll+0x6d7a39]
V  [jvm.dll+0x8b4b26]
V  [jvm.dll+0x8b70de]
V  [jvm.dll+0x8b77c3]
V  [jvm.dll+0x284346]
V  [jvm.dll+0xc1277]
V  [jvm.dll+0x6d82e9]
V  [jvm.dll+0x1334a6]
V  [jvm.dll+0x3f857e]
V  [jvm.dll+0x85f59d]
V  [jvm.dll+0x6d626d]
C  [ucrtbase.dll+0x37b0]
C  [KERNEL32.DLL+0x2e8d7]
C  [ntdll.dll+0x8c48c]


---------------  P R O C E S S  ---------------

Threads class SMR info:
_java_thread_list=0x00000220651169e0, length=34, elements={
0x0000022005595d70, 0x000002205f137aa0, 0x000002205f13a080, 0x000002205f142aa0,
0x000002205f143500, 0x000002205f1454c0, 0x000002205f149490, 0x000002205f1522a0,
0x000002205f154350, 0x0000022064126940, 0x00000220642bb950, 0x00000220644c36c0,
0x000002206433c270, 0x00000220644797c0, 0x0000022064463e60, 0x0000022064f07fe0,
0x000002206544f260, 0x000002206544deb0, 0x000002206544f8f0, 0x0000022065450610,
0x0000022065ae04f0, 0x0000022065ade420, 0x0000022065adf140, 0x0000022065ae1210,
0x0000022065addd90, 0x0000022065ae25c0, 0x0000022065ae0b80, 0x0000022065ae18a0,
0x0000022065adfe60, 0x0000022064a073a0, 0x0000022064a05960, 0x0000022064a08de0,
0x0000022064a05ff0, 0x0000022064fda360
}

Java Threads: ( => current thread )
  0x0000022005595d70 JavaThread "main"                              [_thread_blocked, id=10212, stack(0x000000d71f000000,0x000000d71f100000) (1024K)]
  0x000002205f137aa0 JavaThread "Reference Handler"          daemon [_thread_blocked, id=22636, stack(0x000000d71f400000,0x000000d71f500000) (1024K)]
  0x000002205f13a080 JavaThread "Finalizer"                  daemon [_thread_blocked, id=1600, stack(0x000000d71f500000,0x000000d71f600000) (1024K)]
  0x000002205f142aa0 JavaThread "Signal Dispatcher"          daemon [_thread_blocked, id=9464, stack(0x000000d71f600000,0x000000d71f700000) (1024K)]
=>0x000002205f143500 JavaThread "Attach Listener"            daemon [_thread_in_vm, id=19164, stack(0x000000d71f700000,0x000000d71f800000) (1024K)]
  0x000002205f1454c0 JavaThread "Service Thread"             daemon [_thread_blocked, id=12976, stack(0x000000d71f800000,0x000000d71f900000) (1024K)]
  0x000002205f149490 JavaThread "Monitor Deflation Thread"   daemon [_thread_blocked, id=15804, stack(0x000000d71f900000,0x000000d71fa00000) (1024K)]
  0x000002205f1522a0 JavaThread "C2 CompilerThread0"         daemon [_thread_blocked, id=16180, stack(0x000000d71fa00000,0x000000d71fb00000) (1024K)]
  0x000002205f154350 JavaThread "C1 CompilerThread0"         daemon [_thread_blocked, id=22868, stack(0x000000d71fb00000,0x000000d71fc00000) (1024K)]
  0x0000022064126940 JavaThread "Common-Cleaner"             daemon [_thread_blocked, id=13512, stack(0x000000d71fc00000,0x000000d71fd00000) (1024K)]
  0x00000220642bb950 JavaThread "Notification Thread"        daemon [_thread_blocked, id=17168, stack(0x000000d71fd00000,0x000000d71fe00000) (1024K)]
  0x00000220644c36c0 JavaThread "Active Thread: Equinox Container: dcf2959b-0bf7-42ae-85ac-eed4d55572c4"        [_thread_blocked, id=25044, stack(0x000000d720500000,0x000000d720600000) (1024K)]
  0x000002206433c270 JavaThread "Framework Event Dispatcher: Equinox Container: dcf2959b-0bf7-42ae-85ac-eed4d55572c4" daemon [_thread_blocked, id=22944, stack(0x000000d720100000,0x000000d720200000) (1024K)]
  0x00000220644797c0 JavaThread "Start Level: Equinox Container: dcf2959b-0bf7-42ae-85ac-eed4d55572c4" daemon [_thread_blocked, id=23488, stack(0x000000d720200000,0x000000d720300000) (1024K)]
  0x0000022064463e60 JavaThread "Bundle File Closer"         daemon [_thread_blocked, id=20176, stack(0x000000d720300000,0x000000d720400000) (1024K)]
  0x0000022064f07fe0 JavaThread "Refresh Thread: Equinox Container: dcf2959b-0bf7-42ae-85ac-eed4d55572c4" daemon [_thread_blocked, id=1584, stack(0x000000d720400000,0x000000d720500000) (1024K)]
  0x000002206544f260 JavaThread "SCR Component Actor"        daemon [_thread_blocked, id=24300, stack(0x000000d71ee00000,0x000000d71ef00000) (1024K)]
  0x000002206544deb0 JavaThread "Worker-JM"                         [_thread_blocked, id=25856, stack(0x000000d720600000,0x000000d720700000) (1024K)]
  0x000002206544f8f0 JavaThread "Java indexing"              daemon [_thread_blocked, id=12380, stack(0x000000d720c00000,0x000000d720d00000) (1024K)]
  0x0000022065450610 JavaThread "JNA Cleaner"                daemon [_thread_blocked, id=9908, stack(0x000000d720900000,0x000000d720a00000) (1024K)]
  0x0000022065ae04f0 JavaThread "Thread-1"                   daemon [_thread_in_native, id=3100, stack(0x000000d721200000,0x000000d721300000) (1024K)]
  0x0000022065ade420 JavaThread "Thread-2"                   daemon [_thread_in_native, id=25984, stack(0x000000d721300000,0x000000d721400000) (1024K)]
  0x0000022065adf140 JavaThread "Thread-3"                   daemon [_thread_in_native, id=11780, stack(0x000000d721400000,0x000000d721500000) (1024K)]
  0x0000022065ae1210 JavaThread "Thread-4"                   daemon [_thread_in_native, id=22884, stack(0x000000d721500000,0x000000d721600000) (1024K)]
  0x0000022065addd90 JavaThread "Thread-5"                   daemon [_thread_in_native, id=26120, stack(0x000000d721600000,0x000000d721700000) (1024K)]
  0x0000022065ae25c0 JavaThread "pool-2-thread-1"                   [_thread_blocked, id=20540, stack(0x000000d721700000,0x000000d721800000) (1024K)]
  0x0000022065ae0b80 JavaThread "WorkspaceEventsHandler"            [_thread_blocked, id=25172, stack(0x000000d721a00000,0x000000d721b00000) (1024K)]
  0x0000022065ae18a0 JavaThread "pool-1-thread-1"                   [_thread_blocked, id=26400, stack(0x000000d721b00000,0x000000d721c00000) (1024K)]
  0x0000022065adfe60 JavaThread "Cleaner-0"                  daemon [_thread_blocked, id=22124, stack(0x000000d721800000,0x000000d721900000) (1024K)]
  0x0000022064a073a0 JavaThread "Java Debug Server"          daemon [_thread_in_native, id=25616, stack(0x000000d71ef00000,0x000000d71f000000) (1024K)]
  0x0000022064a05960 JavaThread "RxSchedulerPurge-1"         daemon [_thread_blocked, id=10172, stack(0x000000d720d00000,0x000000d720e00000) (1024K)]
  0x0000022064a08de0 JavaThread "RxCachedWorkerPoolEvictor-1" daemon [_thread_blocked, id=16588, stack(0x000000d721900000,0x000000d721a00000) (1024K)]
  0x0000022064a05ff0 JavaThread "Worker-52"                         [_thread_blocked, id=20508, stack(0x000000d720700000,0x000000d720800000) (1024K)]
  0x0000022064fda360 JavaThread "Worker-57"                         [_thread_blocked, id=4200, stack(0x000000d720f00000,0x000000d721000000) (1024K)]
Total: 34

Other Threads:
  0x0000022005abdb00 VMThread "VM Thread"                           [id=19820, stack(0x000000d71f300000,0x000000d71f400000) (1024K)]
  0x0000022005a6b120 WatcherThread "VM Periodic Task Thread"        [id=25840, stack(0x000000d71f200000,0x000000d71f300000) (1024K)]
  0x0000022005a19780 WorkerThread "GC Thread#0"                     [id=19488, stack(0x000000d71f100000,0x000000d71f200000) (1024K)]
  0x000002205f1d7c50 WorkerThread "GC Thread#1"                     [id=22764, stack(0x000000d71fe00000,0x000000d71ff00000) (1024K)]
  0x000002205f1d8000 WorkerThread "GC Thread#2"                     [id=23612, stack(0x000000d71ff00000,0x000000d720000000) (1024K)]
  0x0000022064317d80 WorkerThread "GC Thread#3"                     [id=20100, stack(0x000000d720000000,0x000000d720100000) (1024K)]
Total: 6

Threads with active compile tasks:
Total: 0

VM state: not at safepoint (normal execution)

VM Mutex/Monitor currently owned by a thread: None

Heap address: 0x0000000080000000, size: 2048 MB, Compressed Oops mode: 32-bit

CDS archive(s) mapped at: [0x000002201e000000-0x000002201eba0000-0x000002201eba0000), size 12189696, SharedBaseAddress: 0x000002201e000000, ArchiveRelocationMode: 1.
Compressed class space mapped at: 0x000002201f000000-0x000002205f000000, reserved size: 1073741824
Narrow klass base: 0x000002201e000000, Narrow klass shift: 0, Narrow klass range: 0x100000000

GC Precious Log:
 CardTable entry size: 512
 CPUs: 4 total, 4 available
 Memory: 3901M
 Large Page Support: Disabled
 NUMA Support: Disabled
 Compressed Oops: Enabled (32-bit)
 Alignments: Space 512K, Generation 512K, Heap 2M
 Heap Min Capacity: 100M
 Heap Initial Capacity: 100M
 Heap Max Capacity: 2G
 Pre-touch: Disabled
 Parallel Workers: 4

Heap:
 PSYoungGen      total 5632K, used 5050K [0x00000000d5580000, 0x00000000d5c80000, 0x0000000100000000)
  eden space 5120K, 88% used [0x00000000d5580000,0x00000000d59f2950,0x00000000d5a80000)
  from space 512K, 96% used [0x00000000d5b80000,0x00000000d5bfc010,0x00000000d5c00000)
  to   space 512K, 0% used [0x00000000d5c00000,0x00000000d5c00000,0x00000000d5c80000)
 ParOldGen       total 712192K, used 590579K [0x0000000080000000, 0x00000000ab780000, 0x00000000d5580000)
  object space 712192K, 82% used [0x0000000080000000,0x00000000a40bcca8,0x00000000ab780000)
 Metaspace       used 86246K, committed 88000K, reserved 1179648K
  class space    used 8910K, committed 9728K, reserved 1048576K

Card table byte_map: [0x00000220194a0000,0x00000220198b0000] _byte_map_base: 0x00000220190a0000

Marking Bits: (ParMarkBitMap*) 0x00007ffd09673450
 Begin Bits: [0x0000022019b60000, 0x000002201bb60000)
 End Bits:   [0x000002201bb60000, 0x000002201db60000)

Polling page: 0x00000220056d0000

Metaspace:

Usage:
  Non-class:     75.52 MB used.
      Class:      8.70 MB used.
       Both:     84.23 MB used.

Virtual space:
  Non-class space:      128.00 MB reserved,      76.44 MB ( 60%) committed,  2 nodes.
      Class space:        1.00 GB reserved,       9.50 MB ( <1%) committed,  1 nodes.
             Both:        1.12 GB reserved,      85.94 MB (  7%) committed. 

Chunk freelists:
   Non-Class:  3.33 MB
       Class:  6.54 MB
        Both:  9.87 MB

MaxMetaspaceSize: unlimited
CompressedClassSpaceSize: 1.00 GB
Initial GC threshold: 21.00 MB
Current GC threshold: 127.12 MB
CDS: on
 - commit_granule_bytes: 65536.
 - commit_granule_words: 8192.
 - virtual_space_node_default_size: 8388608.
 - enlarge_chunks_in_place: 1.
 - use_allocation_guard: 0.


Internal statistics:

num_allocs_failed_limit: 9.
num_arena_births: 1556.
num_arena_deaths: 28.
num_vsnodes_births: 3.
num_vsnodes_deaths: 0.
num_space_committed: 1375.
num_space_uncommitted: 0.
num_chunks_returned_to_freelist: 42.
num_chunks_taken_from_freelist: 5663.
num_chunk_merges: 14.
num_chunk_splits: 3393.
num_chunks_enlarged: 1865.
num_inconsistent_stats: 0.

CodeHeap 'non-profiled nmethods': size=120000Kb used=19953Kb max_used=19953Kb free=100046Kb
 bounds [0x0000022011d90000, 0x0000022013110000, 0x00000220192c0000]
CodeHeap 'profiled nmethods': size=120000Kb used=46825Kb max_used=46825Kb free=73174Kb
 bounds [0x000002200a2c0000, 0x000002200d080000, 0x00000220117f0000]
CodeHeap 'non-nmethods': size=5760Kb used=1529Kb max_used=1586Kb free=4230Kb
 bounds [0x00000220117f0000, 0x0000022011a60000, 0x0000022011d90000]
CodeCache: size=245760Kb, used=68307Kb, max_used=68364Kb, free=177450Kb
 total_blobs=19122, nmethods=18264, adapters=763, full_count=0
Compilation: enabled, stopped_count=0, restarted_count=0

Compilation events (20 events):
Event: 7161.532 Thread 0x000002205f154350 20109       3       java.util.logging.Logger::demandLogger (36 bytes)
Event: 7161.567 Thread 0x000002205f154350 nmethod 20109 0x000002200d075010 code [0x000002200d0752a0, 0x000002200d075d50]
Event: 7315.117 Thread 0x000002205f154350 20110   !   3       org.eclipse.osgi.container.ModuleDatabase::getTimestamp (25 bytes)
Event: 7315.198 Thread 0x000002205f154350 nmethod 20110 0x000002200d076190 code [0x000002200d0763e0, 0x000002200d076d28]
Event: 7345.128 Thread 0x000002205f154350 20111       3       org.eclipse.osgi.storage.Storage::isReadOnly (10 bytes)
Event: 7345.138 Thread 0x000002205f154350 nmethod 20111 0x000002200d077190 code [0x000002200d077340, 0x000002200d0774c0]
Event: 7476.558 Thread 0x000002205f154350 20112       3       java.lang.ProcessHandleImpl::isAlive (44 bytes)
Event: 7476.596 Thread 0x000002205f154350 nmethod 20112 0x000002200d077590 code [0x000002200d077740, 0x000002200d0779a0]
Event: 7705.468 Thread 0x000002205f154350 20113   !   3       org.eclipse.osgi.storage.Storage::save (62 bytes)
Event: 7705.554 Thread 0x000002205f154350 nmethod 20113 0x000002200d077a90 code [0x000002200d077c80, 0x000002200d077ff0]
Event: 7706.174 Thread 0x000002205f154350 20115       3       java.lang.ref.ReferenceQueue::remove0 (64 bytes)
Event: 7706.184 Thread 0x000002205f154350 nmethod 20115 0x000002200d078190 code [0x000002200d0783a0, 0x000002200d078820]
Event: 7765.545 Thread 0x000002205f154350 20116   !   3       org.eclipse.osgi.internal.framework.StorageSaver$StorageSaverTask::run (31 bytes)
Event: 7765.610 Thread 0x000002205f154350 nmethod 20116 0x000002200d078990 code [0x000002200d078b60, 0x000002200d078de0]
Event: 8126.311 Thread 0x000002205f154350 20117   !   3       jdk.internal.ref.PhantomCleanable::isListEmpty (34 bytes)
Event: 8126.332 Thread 0x000002205f154350 nmethod 20117 0x000002200d078f90 code [0x000002200d079140, 0x000002200d079398]
Event: 8126.333 Thread 0x000002205f154350 20118       3       jdk.internal.misc.InnocuousThread::eraseThreadLocals (23 bytes)
Event: 8126.346 Thread 0x000002205f154350 nmethod 20118 0x000002200d079490 code [0x000002200d079620, 0x000002200d079788]
Event: 8471.044 Thread 0x000002205f154350 20119       3       org.eclipse.core.internal.jobs.ImplicitJobs::endThreadJob (91 bytes)
Event: 8471.171 Thread 0x000002205f154350 nmethod 20119 0x000002200d079810 code [0x000002200d079a40, 0x000002200d07a2b0]

GC Heap History (20 events):
Event: 6742.252 GC heap before
{Heap before GC invocations=1054 (full 4):
 PSYoungGen      total 4608K, used 4128K [0x00000000d5580000, 0x00000000d5d00000, 0x0000000100000000)
  eden space 2048K, 100% used [0x00000000d5580000,0x00000000d5780000,0x00000000d5780000)
  from space 2560K, 81% used [0x00000000d5780000,0x00000000d5988000,0x00000000d5a00000)
  to   space 2560K, 0% used [0x00000000d5a80000,0x00000000d5a80000,0x00000000d5d00000)
 ParOldGen       total 712192K, used 577386K [0x0000000080000000, 0x00000000ab780000, 0x00000000d5580000)
  object space 712192K, 81% used [0x0000000080000000,0x00000000a33da910,0x00000000ab780000)
 Metaspace       used 86170K, committed 88000K, reserved 1179648K
  class space    used 8907K, committed 9728K, reserved 1048576K
}
Event: 6742.283 GC heap after
{Heap after GC invocations=1054 (full 4):
 PSYoungGen      total 4608K, used 1690K [0x00000000d5580000, 0x00000000d5c80000, 0x0000000100000000)
  eden space 2560K, 0% used [0x00000000d5580000,0x00000000d5580000,0x00000000d5800000)
  from space 2048K, 82% used [0x00000000d5a80000,0x00000000d5c26800,0x00000000d5c80000)
  to   space 2048K, 0% used [0x00000000d5880000,0x00000000d5880000,0x00000000d5a80000)
 ParOldGen       total 712192K, used 579426K [0x0000000080000000, 0x00000000ab780000, 0x00000000d5580000)
  object space 712192K, 81% used [0x0000000080000000,0x00000000a35d8910,0x00000000ab780000)
 Metaspace       used 86170K, committed 88000K, reserved 1179648K
  class space    used 8907K, committed 9728K, reserved 1048576K
}
Event: 6742.391 GC heap before
{Heap before GC invocations=1055 (full 4):
 PSYoungGen      total 4608K, used 4250K [0x00000000d5580000, 0x00000000d5c80000, 0x0000000100000000)
  eden space 2560K, 100% used [0x00000000d5580000,0x00000000d5800000,0x00000000d5800000)
  from space 2048K, 82% used [0x00000000d5a80000,0x00000000d5c26800,0x00000000d5c80000)
  to   space 2048K, 0% used [0x00000000d5880000,0x00000000d5880000,0x00000000d5a80000)
 ParOldGen       total 712192K, used 579426K [0x0000000080000000, 0x00000000ab780000, 0x00000000d5580000)
  object space 712192K, 81% used [0x0000000080000000,0x00000000a35d8910,0x00000000ab780000)
 Metaspace       used 86170K, committed 88000K, reserved 1179648K
  class space    used 8907K, committed 9728K, reserved 1048576K
}
Event: 6742.438 GC heap after
{Heap after GC invocations=1055 (full 4):
 PSYoungGen      total 5120K, used 2016K [0x00000000d5580000, 0x00000000d6080000, 0x0000000100000000)
  eden space 3072K, 0% used [0x00000000d5580000,0x00000000d5580000,0x00000000d5880000)
  from space 2048K, 98% used [0x00000000d5880000,0x00000000d5a781c0,0x00000000d5a80000)
  to   space 4096K, 0% used [0x00000000d5c80000,0x00000000d5c80000,0x00000000d6080000)
 ParOldGen       total 712192K, used 581084K [0x0000000080000000, 0x00000000ab780000, 0x00000000d5580000)
  object space 712192K, 81% used [0x0000000080000000,0x00000000a3777110,0x00000000ab780000)
 Metaspace       used 86170K, committed 88000K, reserved 1179648K
  class space    used 8907K, committed 9728K, reserved 1048576K
}
Event: 6742.471 GC heap before
{Heap before GC invocations=1056 (full 4):
 PSYoungGen      total 5120K, used 5088K [0x00000000d5580000, 0x00000000d6080000, 0x0000000100000000)
  eden space 3072K, 100% used [0x00000000d5580000,0x00000000d5880000,0x00000000d5880000)
  from space 2048K, 98% used [0x00000000d5880000,0x00000000d5a781c0,0x00000000d5a80000)
  to   space 4096K, 0% used [0x00000000d5c80000,0x00000000d5c80000,0x00000000d6080000)
 ParOldGen       total 712192K, used 581084K [0x0000000080000000, 0x00000000ab780000, 0x00000000d5580000)
  object space 712192K, 81% used [0x0000000080000000,0x00000000a3777110,0x00000000ab780000)
 Metaspace       used 86170K, committed 88000K, reserved 1179648K
  class space    used 8907K, committed 9728K, reserved 1048576K
}
Event: 6742.497 GC heap after
{Heap after GC invocations=1056 (full 4):
 PSYoungGen      total 7168K, used 2488K [0x00000000d5580000, 0x00000000d5f80000, 0x0000000100000000)
  eden space 4096K, 0% used [0x00000000d5580000,0x00000000d5580000,0x00000000d5980000)
  from space 3072K, 80% used [0x00000000d5c80000,0x00000000d5eee000,0x00000000d5f80000)
  to   space 3072K, 0% used [0x00000000d5980000,0x00000000d5980000,0x00000000d5c80000)
 ParOldGen       total 712192K, used 583167K [0x0000000080000000, 0x00000000ab780000, 0x00000000d5580000)
  object space 712192K, 81% used [0x0000000080000000,0x00000000a397ffb0,0x00000000ab780000)
 Metaspace       used 86170K, committed 88000K, reserved 1179648K
  class space    used 8907K, committed 9728K, reserved 1048576K
}
Event: 6743.246 GC heap before
{Heap before GC invocations=1057 (full 4):
 PSYoungGen      total 7168K, used 6584K [0x00000000d5580000, 0x00000000d5f80000, 0x0000000100000000)
  eden space 4096K, 100% used [0x00000000d5580000,0x00000000d5980000,0x00000000d5980000)
  from space 3072K, 80% used [0x00000000d5c80000,0x00000000d5eee000,0x00000000d5f80000)
  to   space 3072K, 0% used [0x00000000d5980000,0x00000000d5980000,0x00000000d5c80000)
 ParOldGen       total 712192K, used 583167K [0x0000000080000000, 0x00000000ab780000, 0x00000000d5580000)
  object space 712192K, 81% used [0x0000000080000000,0x00000000a397ffb0,0x00000000ab780000)
 Metaspace       used 86170K, committed 88000K, reserved 1179648K
  class space    used 8907K, committed 9728K, reserved 1048576K
}
Event: 6743.277 GC heap after
{Heap after GC invocations=1057 (full 4):
 PSYoungGen      total 7168K, used 1649K [0x00000000d5580000, 0x00000000d5e80000, 0x0000000100000000)
  eden space 4096K, 0% used [0x00000000d5580000,0x00000000d5580000,0x00000000d5980000)
  from space 3072K, 53% used [0x00000000d5980000,0x00000000d5b1c620,0x00000000d5c80000)
  to   space 2048K, 0% used [0x00000000d5c80000,0x00000000d5c80000,0x00000000d5e80000)
 ParOldGen       total 712192K, used 585327K [0x0000000080000000, 0x00000000ab780000, 0x00000000d5580000)
  object space 712192K, 82% used [0x0000000080000000,0x00000000a3b9bfb0,0x00000000ab780000)
 Metaspace       used 86170K, committed 88000K, reserved 1179648K
  class space    used 8907K, committed 9728K, reserved 1048576K
}
Event: 6744.445 GC heap before
{Heap before GC invocations=1058 (full 4):
 PSYoungGen      total 7168K, used 5745K [0x00000000d5580000, 0x00000000d5e80000, 0x0000000100000000)
  eden space 4096K, 100% used [0x00000000d5580000,0x00000000d5980000,0x00000000d5980000)
  from space 3072K, 53% used [0x00000000d5980000,0x00000000d5b1c620,0x00000000d5c80000)
  to   space 2048K, 0% used [0x00000000d5c80000,0x00000000d5c80000,0x00000000d5e80000)
 ParOldGen       total 712192K, used 585327K [0x0000000080000000, 0x00000000ab780000, 0x00000000d5580000)
  object space 712192K, 82% used [0x0000000080000000,0x00000000a3b9bfb0,0x00000000ab780000)
 Metaspace       used 86170K, committed 88000K, reserved 1179648K
  class space    used 8907K, committed 9728K, reserved 1048576K
}
Event: 6744.612 GC heap after
{Heap after GC invocations=1058 (full 4):
 PSYoungGen      total 7168K, used 1408K [0x00000000d5580000, 0x00000000d5e80000, 0x0000000100000000)
  eden space 5120K, 0% used [0x00000000d5580000,0x00000000d5580000,0x00000000d5a80000)
  from space 2048K, 68% used [0x00000000d5c80000,0x00000000d5de0020,0x00000000d5e80000)
  to   space 2048K, 0% used [0x00000000d5a80000,0x00000000d5a80000,0x00000000d5c80000)
 ParOldGen       total 712192K, used 586925K [0x0000000080000000, 0x00000000ab780000, 0x00000000d5580000)
  object space 712192K, 82% used [0x0000000080000000,0x00000000a3d2b4d8,0x00000000ab780000)
 Metaspace       used 86170K, committed 88000K, reserved 1179648K
  class space    used 8907K, committed 9728K, reserved 1048576K
}
Event: 6745.148 GC heap before
{Heap before GC invocations=1059 (full 4):
 PSYoungGen      total 7168K, used 6528K [0x00000000d5580000, 0x00000000d5e80000, 0x0000000100000000)
  eden space 5120K, 100% used [0x00000000d5580000,0x00000000d5a80000,0x00000000d5a80000)
  from space 2048K, 68% used [0x00000000d5c80000,0x00000000d5de0020,0x00000000d5e80000)
  to   space 2048K, 0% used [0x00000000d5a80000,0x00000000d5a80000,0x00000000d5c80000)
 ParOldGen       total 712192K, used 586925K [0x0000000080000000, 0x00000000ab780000, 0x00000000d5580000)
  object space 712192K, 82% used [0x0000000080000000,0x00000000a3d2b4d8,0x00000000ab780000)
 Metaspace       used 86174K, committed 88000K, reserved 1179648K
  class space    used 8907K, committed 9728K, reserved 1048576K
}
Event: 6745.168 GC heap after
{Heap after GC invocations=1059 (full 4):
 PSYoungGen      total 6656K, used 1344K [0x00000000d5580000, 0x00000000d5d80000, 0x0000000100000000)
  eden space 5120K, 0% used [0x00000000d5580000,0x00000000d5580000,0x00000000d5a80000)
  from space 1536K, 87% used [0x00000000d5a80000,0x00000000d5bd0000,0x00000000d5c00000)
  to   space 1536K, 0% used [0x00000000d5c00000,0x00000000d5c00000,0x00000000d5d80000)
 ParOldGen       total 712192K, used 588257K [0x0000000080000000, 0x00000000ab780000, 0x00000000d5580000)
  object space 712192K, 82% used [0x0000000080000000,0x00000000a3e78588,0x00000000ab780000)
 Metaspace       used 86174K, committed 88000K, reserved 1179648K
  class space    used 8907K, committed 9728K, reserved 1048576K
}
Event: 6745.223 GC heap before
{Heap before GC invocations=1060 (full 4):
 PSYoungGen      total 6656K, used 6463K [0x00000000d5580000, 0x00000000d5d80000, 0x0000000100000000)
  eden space 5120K, 99% used [0x00000000d5580000,0x00000000d5a7ff68,0x00000000d5a80000)
  from space 1536K, 87% used [0x00000000d5a80000,0x00000000d5bd0000,0x00000000d5c00000)
  to   space 1536K, 0% used [0x00000000d5c00000,0x00000000d5c00000,0x00000000d5d80000)
 ParOldGen       total 712192K, used 588257K [0x0000000080000000, 0x00000000ab780000, 0x00000000d5580000)
  object space 712192K, 82% used [0x0000000080000000,0x00000000a3e78588,0x00000000ab780000)
 Metaspace       used 86175K, committed 88000K, reserved 1179648K
  class space    used 8907K, committed 9728K, reserved 1048576K
}
Event: 6745.234 GC heap after
{Heap after GC invocations=1060 (full 4):
 PSYoungGen      total 6144K, used 688K [0x00000000d5580000, 0x00000000d5d00000, 0x0000000100000000)
  eden space 5120K, 0% used [0x00000000d5580000,0x00000000d5580000,0x00000000d5a80000)
  from space 1024K, 67% used [0x00000000d5c00000,0x00000000d5cac010,0x00000000d5d00000)
  to   space 1024K, 0% used [0x00000000d5b00000,0x00000000d5b00000,0x00000000d5c00000)
 ParOldGen       total 712192K, used 589545K [0x0000000080000000, 0x00000000ab780000, 0x00000000d5580000)
  object space 712192K, 82% used [0x0000000080000000,0x00000000a3fba588,0x00000000ab780000)
 Metaspace       used 86175K, committed 88000K, reserved 1179648K
  class space    used 8907K, committed 9728K, reserved 1048576K
}
Event: 6745.875 GC heap before
{Heap before GC invocations=1061 (full 4):
 PSYoungGen      total 6144K, used 5808K [0x00000000d5580000, 0x00000000d5d00000, 0x0000000100000000)
  eden space 5120K, 100% used [0x00000000d5580000,0x00000000d5a80000,0x00000000d5a80000)
  from space 1024K, 67% used [0x00000000d5c00000,0x00000000d5cac010,0x00000000d5d00000)
  to   space 1024K, 0% used [0x00000000d5b00000,0x00000000d5b00000,0x00000000d5c00000)
 ParOldGen       total 712192K, used 589545K [0x0000000080000000, 0x00000000ab780000, 0x00000000d5580000)
  object space 712192K, 82% used [0x0000000080000000,0x00000000a3fba588,0x00000000ab780000)
 Metaspace       used 86186K, committed 88000K, reserved 1179648K
  class space    used 8907K, committed 9728K, reserved 1048576K
}
Event: 6745.884 GC heap after
{Heap after GC invocations=1061 (full 4):
 PSYoungGen      total 6144K, used 576K [0x00000000d5580000, 0x00000000d5c80000, 0x0000000100000000)
  eden space 5120K, 0% used [0x00000000d5580000,0x00000000d5580000,0x00000000d5a80000)
  from space 1024K, 56% used [0x00000000d5b00000,0x00000000d5b90000,0x00000000d5c00000)
  to   space 512K, 0% used [0x00000000d5c00000,0x00000000d5c00000,0x00000000d5c80000)
 ParOldGen       total 712192K, used 590150K [0x0000000080000000, 0x00000000ab780000, 0x00000000d5580000)
  object space 712192K, 82% used [0x0000000080000000,0x00000000a4051a18,0x00000000ab780000)
 Metaspace       used 86186K, committed 88000K, reserved 1179648K
  class space    used 8907K, committed 9728K, reserved 1048576K
}
Event: 6748.421 GC heap before
{Heap before GC invocations=1062 (full 4):
 PSYoungGen      total 6144K, used 5696K [0x00000000d5580000, 0x00000000d5c80000, 0x0000000100000000)
  eden space 5120K, 100% used [0x00000000d5580000,0x00000000d5a80000,0x00000000d5a80000)
  from space 1024K, 56% used [0x00000000d5b00000,0x00000000d5b90000,0x00000000d5c00000)
  to   space 512K, 0% used [0x00000000d5c00000,0x00000000d5c00000,0x00000000d5c80000)
 ParOldGen       total 712192K, used 590150K [0x0000000080000000, 0x00000000ab780000, 0x00000000d5580000)
  object space 712192K, 82% used [0x0000000080000000,0x00000000a4051a18,0x00000000ab780000)
 Metaspace       used 86186K, committed 88000K, reserved 1179648K
  class space    used 8907K, committed 9728K, reserved 1048576K
}
Event: 6748.429 GC heap after
{Heap after GC invocations=1062 (full 4):
 PSYoungGen      total 5632K, used 160K [0x00000000d5580000, 0x00000000d5c80000, 0x0000000100000000)
  eden space 5120K, 0% used [0x00000000d5580000,0x00000000d5580000,0x00000000d5a80000)
  from space 512K, 31% used [0x00000000d5c00000,0x00000000d5c28000,0x00000000d5c80000)
  to   space 512K, 0% used [0x00000000d5b80000,0x00000000d5b80000,0x00000000d5c00000)
 ParOldGen       total 712192K, used 590438K [0x0000000080000000, 0x00000000ab780000, 0x00000000d5580000)
  object space 712192K, 82% used [0x0000000080000000,0x00000000a4099a18,0x00000000ab780000)
 Metaspace       used 86186K, committed 88000K, reserved 1179648K
  class space    used 8907K, committed 9728K, reserved 1048576K
}
Event: 6890.211 GC heap before
{Heap before GC invocations=1063 (full 4):
 PSYoungGen      total 5632K, used 5280K [0x00000000d5580000, 0x00000000d5c80000, 0x0000000100000000)
  eden space 5120K, 100% used [0x00000000d5580000,0x00000000d5a80000,0x00000000d5a80000)
  from space 512K, 31% used [0x00000000d5c00000,0x00000000d5c28000,0x00000000d5c80000)
  to   space 512K, 0% used [0x00000000d5b80000,0x00000000d5b80000,0x00000000d5c00000)
 ParOldGen       total 712192K, used 590438K [0x0000000080000000, 0x00000000ab780000, 0x00000000d5580000)
  object space 712192K, 82% used [0x0000000080000000,0x00000000a4099a18,0x00000000ab780000)
 Metaspace       used 86199K, committed 88000K, reserved 1179648K
  class space    used 8909K, committed 9728K, reserved 1048576K
}
Event: 6890.965 GC heap after
{Heap after GC invocations=1063 (full 4):
 PSYoungGen      total 5632K, used 496K [0x00000000d5580000, 0x00000000d5c80000, 0x0000000100000000)
  eden space 5120K, 0% used [0x00000000d5580000,0x00000000d5580000,0x00000000d5a80000)
  from space 512K, 96% used [0x00000000d5b80000,0x00000000d5bfc010,0x00000000d5c00000)
  to   space 512K, 0% used [0x00000000d5c00000,0x00000000d5c00000,0x00000000d5c80000)
 ParOldGen       total 712192K, used 590579K [0x0000000080000000, 0x00000000ab780000, 0x00000000d5580000)
  object space 712192K, 82% used [0x0000000080000000,0x00000000a40bcca8,0x00000000ab780000)
 Metaspace       used 86199K, committed 88000K, reserved 1179648K
  class space    used 8909K, committed 9728K, reserved 1048576K
}

Dll operation events (14 events):
Event: 0.147 Loaded shared library c:\Users\andri\.antigravity\extensions\redhat.java-1.53.0-win32-x64\jre\21.0.10-win32-x86_64\bin\java.dll
Event: 0.542 Loaded shared library c:\Users\andri\.antigravity\extensions\redhat.java-1.53.0-win32-x64\jre\21.0.10-win32-x86_64\bin\zip.dll
Event: 0.704 Loaded shared library C:\Users\andri\.antigravity\extensions\redhat.java-1.53.0-win32-x64\jre\21.0.10-win32-x86_64\bin\instrument.dll
Event: 0.764 Loaded shared library C:\Users\andri\.antigravity\extensions\redhat.java-1.53.0-win32-x64\jre\21.0.10-win32-x86_64\bin\net.dll
Event: 0.918 Loaded shared library C:\Users\andri\.antigravity\extensions\redhat.java-1.53.0-win32-x64\jre\21.0.10-win32-x86_64\bin\nio.dll
Event: 0.931 Loaded shared library C:\Users\andri\.antigravity\extensions\redhat.java-1.53.0-win32-x64\jre\21.0.10-win32-x86_64\bin\zip.dll
Event: 1.105 Loaded shared library C:\Users\andri\.antigravity\extensions\redhat.java-1.53.0-win32-x64\jre\21.0.10-win32-x86_64\bin\jimage.dll
Event: 1.539 Loaded shared library c:\Users\andri\.antigravity\extensions\redhat.java-1.53.0-win32-x64\jre\21.0.10-win32-x86_64\bin\verify.dll
Event: 40.694 Loaded shared library C:\Users\andri\AppData\Roaming\Antigravity\User\globalStorage\redhat.java\1.53.0\config_win\org.eclipse.equinox.launcher\org.eclipse.equinox.launcher.win32.win32.x86_64_1.3.0.v20260203-2149\eclipse_11919.dll
Event: 68.158 Loaded shared library C:\Users\andri\.antigravity\extensions\redhat.java-1.53.0-win32-x64\jre\21.0.10-win32-x86_64\bin\management.dll
Event: 68.205 Loaded shared library C:\Users\andri\.antigravity\extensions\redhat.java-1.53.0-win32-x64\jre\21.0.10-win32-x86_64\bin\management_ext.dll
Event: 80.660 Loaded shared library C:\Users\andri\AppData\Local\Temp\jna-92958286\jna14350894151665551592.dll
Event: 82.774 Loaded shared library C:\Users\andri\.antigravity\extensions\redhat.java-1.53.0-win32-x64\jre\21.0.10-win32-x86_64\bin\sunmscapi.dll
Event: 85.798 Loaded shared library C:\Users\andri\.antigravity\extensions\redhat.java-1.53.0-win32-x64\jre\21.0.10-win32-x86_64\bin\extnet.dll

Deoptimization events (20 events):
Event: 6743.821 Thread 0x0000022064fdb080 DEOPT PACKING pc=0x00000220128911b0 sp=0x000000d7210fe510
Event: 6743.839 Thread 0x0000022064fdb080 DEOPT UNPACKING pc=0x0000022011843a9c sp=0x000000d7210fe4a8 mode 2
Event: 6745.889 Thread 0x000002206544f8f0 DEOPT PACKING pc=0x000002200c434248 sp=0x000000d720cfe940
Event: 6745.891 Thread 0x000002206544f8f0 DEOPT UNPACKING pc=0x0000022011844223 sp=0x000000d720cfdd90 mode 0
Event: 6767.274 Thread 0x0000022064a05960 Uncommon trap: trap_request=0xffffffd6 fr.pc=0x00000220130f7738 relative=0x00000000000002f8
Event: 6767.275 Thread 0x0000022064a05960 Uncommon trap: reason=array_check action=maybe_recompile pc=0x00000220130f7738 method=java.util.concurrent.ScheduledThreadPoolExecutor$DelayedWorkQueue.offer(Ljava/lang/Runnable;)Z @ 65 c2
Event: 6767.277 Thread 0x0000022064a05960 DEOPT PACKING pc=0x00000220130f7738 sp=0x000000d720dff550
Event: 6767.279 Thread 0x0000022064a05960 DEOPT UNPACKING pc=0x0000022011843a9c sp=0x000000d720dff3f0 mode 2
Event: 6768.271 Thread 0x0000022064a05960 Uncommon trap: trap_request=0xffffffd6 fr.pc=0x00000220130f7738 relative=0x00000000000002f8
Event: 6768.271 Thread 0x0000022064a05960 Uncommon trap: reason=array_check action=maybe_recompile pc=0x00000220130f7738 method=java.util.concurrent.ScheduledThreadPoolExecutor$DelayedWorkQueue.offer(Ljava/lang/Runnable;)Z @ 65 c2
Event: 6768.271 Thread 0x0000022064a05960 DEOPT PACKING pc=0x00000220130f7738 sp=0x000000d720dff550
Event: 6768.272 Thread 0x0000022064a05960 DEOPT UNPACKING pc=0x0000022011843a9c sp=0x000000d720dff3f0 mode 2
Event: 6769.274 Thread 0x0000022064a05960 Uncommon trap: trap_request=0xffffffd6 fr.pc=0x00000220130f7738 relative=0x00000000000002f8
Event: 6769.274 Thread 0x0000022064a05960 Uncommon trap: reason=array_check action=maybe_recompile pc=0x00000220130f7738 method=java.util.concurrent.ScheduledThreadPoolExecutor$DelayedWorkQueue.offer(Ljava/lang/Runnable;)Z @ 65 c2
Event: 6769.274 Thread 0x0000022064a05960 DEOPT PACKING pc=0x00000220130f7738 sp=0x000000d720dff550
Event: 6769.274 Thread 0x0000022064a05960 DEOPT UNPACKING pc=0x0000022011843a9c sp=0x000000d720dff3f0 mode 2
Event: 6770.271 Thread 0x0000022064a05960 Uncommon trap: trap_request=0xffffffd6 fr.pc=0x00000220130f7738 relative=0x00000000000002f8
Event: 6770.271 Thread 0x0000022064a05960 Uncommon trap: reason=array_check action=maybe_recompile pc=0x00000220130f7738 method=java.util.concurrent.ScheduledThreadPoolExecutor$DelayedWorkQueue.offer(Ljava/lang/Runnable;)Z @ 65 c2
Event: 6770.271 Thread 0x0000022064a05960 DEOPT PACKING pc=0x00000220130f7738 sp=0x000000d720dff550
Event: 6770.274 Thread 0x0000022064a05960 DEOPT UNPACKING pc=0x0000022011843a9c sp=0x000000d720dff3f0 mode 2

Classes loaded (20 events):
Event: 2525.166 Loading class java/util/concurrent/CompletableFuture$UniWhenComplete
Event: 2525.168 Loading class java/util/concurrent/CompletableFuture$UniWhenComplete done
Event: 2525.171 Loading class java/util/concurrent/CompletableFuture$UniCompose
Event: 2525.172 Loading class java/util/concurrent/CompletableFuture$UniCompose done
Event: 2525.173 Loading class java/util/concurrent/CompletableFuture$UniRelay
Event: 2525.173 Loading class java/util/concurrent/CompletableFuture$UniRelay done
Event: 2525.279 Loading class java/util/concurrent/ScheduledThreadPoolExecutor$DelayedWorkQueue$Itr
Event: 2525.283 Loading class java/util/concurrent/ScheduledThreadPoolExecutor$DelayedWorkQueue$Itr done
Event: 2535.420 Loading class java/lang/ProcessHandleImpl$ExitCompletion
Event: 2535.420 Loading class java/lang/ProcessHandleImpl$ExitCompletion done
Event: 2535.421 Loading class java/lang/ProcessHandleImpl$1
Event: 2535.421 Loading class java/lang/ProcessHandleImpl$1 done
Event: 2535.431 Loading class java/util/concurrent/CompletableFuture$UniHandle
Event: 2535.432 Loading class java/util/concurrent/CompletableFuture$UniHandle done
Event: 6647.547 Loading class java/util/stream/ReduceOps$5
Event: 6647.611 Loading class java/util/stream/ReduceOps$5 done
Event: 6647.638 Loading class java/util/stream/ReduceOps$CountingSink$OfRef
Event: 6647.716 Loading class java/util/stream/ReduceOps$CountingSink
Event: 6647.739 Loading class java/util/stream/ReduceOps$CountingSink done
Event: 6647.739 Loading class java/util/stream/ReduceOps$CountingSink$OfRef done

Classes unloaded (14 events):
Event: 71.572 Thread 0x0000022005abdb00 Unloading class 0x000002201f1b4800 'java/lang/invoke/LambdaForm$MH+0x000002201f1b4800'
Event: 71.572 Thread 0x0000022005abdb00 Unloading class 0x000002201f1b4400 'java/lang/invoke/LambdaForm$MH+0x000002201f1b4400'
Event: 71.572 Thread 0x0000022005abdb00 Unloading class 0x000002201f1b4000 'java/lang/invoke/LambdaForm$MH+0x000002201f1b4000'
Event: 71.572 Thread 0x0000022005abdb00 Unloading class 0x000002201f1b3c00 'java/lang/invoke/LambdaForm$MH+0x000002201f1b3c00'
Event: 71.572 Thread 0x0000022005abdb00 Unloading class 0x000002201f1b3800 'java/lang/invoke/LambdaForm$BMH+0x000002201f1b3800'
Event: 71.572 Thread 0x0000022005abdb00 Unloading class 0x000002201f1b3400 'java/lang/invoke/LambdaForm$DMH+0x000002201f1b3400'
Event: 71.572 Thread 0x0000022005abdb00 Unloading class 0x000002201f1b2000 'java/lang/invoke/LambdaForm$DMH+0x000002201f1b2000'
Event: 75.707 Thread 0x0000022005abdb00 Unloading class 0x000002201f2a9400 'java/lang/invoke/LambdaForm$MH+0x000002201f2a9400'
Event: 75.707 Thread 0x0000022005abdb00 Unloading class 0x000002201f2a3c00 'java/lang/invoke/LambdaForm$MH+0x000002201f2a3c00'
Event: 116.183 Thread 0x0000022005abdb00 Unloading class 0x000002201f68cc00 'java/lang/invoke/LambdaForm$DMH+0x000002201f68cc00'
Event: 116.183 Thread 0x0000022005abdb00 Unloading class 0x000002201f68c400 'java/lang/invoke/LambdaForm$DMH+0x000002201f68c400'
Event: 1860.996 Thread 0x0000022005abdb00 Unloading class 0x000002201f79d400 'java/lang/invoke/LambdaForm$MH+0x000002201f79d400'
Event: 1860.996 Thread 0x0000022005abdb00 Unloading class 0x000002201f79cc00 'java/lang/invoke/LambdaForm$MH+0x000002201f79cc00'
Event: 1860.996 Thread 0x0000022005abdb00 Unloading class 0x000002201f79c400 'java/lang/invoke/LambdaForm$MH+0x000002201f79c400'

Classes redefined (0 events):
No events

Internal exceptions (20 events):
Event: 6982.599 Thread 0x0000022064a06680 Exception <a 'sun/nio/fs/WindowsException'{0x00000000d57fde98}> (0x00000000d57fde98) 
thrown [s\src\hotspot\share\prims\jni.cpp, line 520]
Event: 6982.600 Thread 0x0000022064a06680 Exception <a 'sun/nio/fs/WindowsException'{0x00000000d57fe778}> (0x00000000d57fe778) 
thrown [s\src\hotspot\share\prims\jni.cpp, line 520]
Event: 6982.600 Thread 0x0000022064a06680 Exception <a 'sun/nio/fs/WindowsException'{0x00000000d57ffaf8}> (0x00000000d57ffaf8) 
thrown [s\src\hotspot\share\prims\jni.cpp, line 520]
Event: 6982.600 Thread 0x0000022064a06680 Exception <a 'sun/nio/fs/WindowsException'{0x00000000d5800398}> (0x00000000d5800398) 
thrown [s\src\hotspot\share\prims\jni.cpp, line 520]
Event: 6982.882 Thread 0x0000022064a06680 Exception <a 'sun/nio/fs/WindowsException'{0x00000000d5819958}> (0x00000000d5819958) 
thrown [s\src\hotspot\share\prims\jni.cpp, line 520]
Event: 6982.882 Thread 0x0000022064a06680 Exception <a 'sun/nio/fs/WindowsException'{0x00000000d581a4a8}> (0x00000000d581a4a8) 
thrown [s\src\hotspot\share\prims\jni.cpp, line 520]
Event: 6982.883 Thread 0x0000022064a06680 Exception <a 'sun/nio/fs/WindowsException'{0x00000000d581ba70}> (0x00000000d581ba70) 
thrown [s\src\hotspot\share\prims\jni.cpp, line 520]
Event: 6982.883 Thread 0x0000022064a06680 Exception <a 'sun/nio/fs/WindowsException'{0x00000000d581c350}> (0x00000000d581c350) 
thrown [s\src\hotspot\share\prims\jni.cpp, line 520]
Event: 6982.884 Thread 0x0000022064a06680 Exception <a 'sun/nio/fs/WindowsException'{0x00000000d581d6d0}> (0x00000000d581d6d0) 
thrown [s\src\hotspot\share\prims\jni.cpp, line 520]
Event: 6982.885 Thread 0x0000022064a06680 Exception <a 'sun/nio/fs/WindowsException'{0x00000000d581e220}> (0x00000000d581e220) 
thrown [s\src\hotspot\share\prims\jni.cpp, line 520]
Event: 6982.886 Thread 0x0000022064a06680 Exception <a 'sun/nio/fs/WindowsException'{0x00000000d581f508}> (0x00000000d581f508) 
thrown [s\src\hotspot\share\prims\jni.cpp, line 520]
Event: 6982.886 Thread 0x0000022064a06680 Exception <a 'sun/nio/fs/WindowsException'{0x00000000d5820058}> (0x00000000d5820058) 
thrown [s\src\hotspot\share\prims\jni.cpp, line 520]
Event: 6982.886 Thread 0x0000022064a06680 Exception <a 'sun/nio/fs/WindowsException'{0x00000000d5821678}> (0x00000000d5821678) 
thrown [s\src\hotspot\share\prims\jni.cpp, line 520]
Event: 6982.887 Thread 0x0000022064a06680 Exception <a 'sun/nio/fs/WindowsException'{0x00000000d5821f58}> (0x00000000d5821f58) 
thrown [s\src\hotspot\share\prims\jni.cpp, line 520]
Event: 6983.244 Thread 0x0000022064a06680 Exception <a 'sun/nio/fs/WindowsException'{0x00000000d58a57b0}> (0x00000000d58a57b0) 
thrown [s\src\hotspot\share\prims\jni.cpp, line 520]
Event: 6983.245 Thread 0x0000022064a06680 Exception <a 'sun/nio/fs/WindowsException'{0x00000000d58a6300}> (0x00000000d58a6300) 
thrown [s\src\hotspot\share\prims\jni.cpp, line 520]
Event: 6983.246 Thread 0x0000022064a06680 Exception <a 'sun/nio/fs/WindowsException'{0x00000000d58a7670}> (0x00000000d58a7670) 
thrown [s\src\hotspot\share\prims\jni.cpp, line 520]
Event: 6983.246 Thread 0x0000022064a06680 Exception <a 'sun/nio/fs/WindowsException'{0x00000000d58a7f50}> (0x00000000d58a7f50) 
thrown [s\src\hotspot\share\prims\jni.cpp, line 520]
Event: 6983.724 Thread 0x0000022064fd7c00 Exception <a 'sun/nio/fs/WindowsException'{0x00000000d59023c8}> (0x00000000d59023c8) 
thrown [s\src\hotspot\share\prims\jni.cpp, line 520]
Event: 6983.726 Thread 0x0000022064fd7c00 Exception <a 'sun/nio/fs/WindowsException'{0x00000000d5902ca8}> (0x00000000d5902ca8) 
thrown [s\src\hotspot\share\prims\jni.cpp, line 520]

ZGC Phase Switch (0 events):
No events

VM Operations (20 events):
Event: 8002.149 Executing non-safepoint VM operation: HandshakeAllThreads (HandshakeForDeflation)
Event: 8002.158 Executing non-safepoint VM operation: HandshakeAllThreads (HandshakeForDeflation) done
Event: 8002.161 Executing non-safepoint VM operation: RendezvousGCThreads
Event: 8002.161 Executing non-safepoint VM operation: RendezvousGCThreads done
Event: 8242.470 Executing non-safepoint VM operation: HandshakeAllThreads (HandshakeForDeflation)
Event: 8242.479 Executing non-safepoint VM operation: HandshakeAllThreads (HandshakeForDeflation) done
Event: 8242.480 Executing non-safepoint VM operation: RendezvousGCThreads
Event: 8242.480 Executing non-safepoint VM operation: RendezvousGCThreads done
Event: 8302.687 Executing non-safepoint VM operation: HandshakeAllThreads (HandshakeForDeflation)
Event: 8302.707 Executing non-safepoint VM operation: HandshakeAllThreads (HandshakeForDeflation) done
Event: 8302.708 Executing non-safepoint VM operation: RendezvousGCThreads
Event: 8302.708 Executing non-safepoint VM operation: RendezvousGCThreads done
Event: 8362.811 Executing non-safepoint VM operation: HandshakeAllThreads (HandshakeForDeflation)
Event: 8362.817 Executing non-safepoint VM operation: HandshakeAllThreads (HandshakeForDeflation) done
Event: 8362.818 Executing non-safepoint VM operation: RendezvousGCThreads
Event: 8362.818 Executing non-safepoint VM operation: RendezvousGCThreads done
Event: 8422.877 Executing non-safepoint VM operation: HandshakeAllThreads (HandshakeForDeflation)
Event: 8422.883 Executing non-safepoint VM operation: HandshakeAllThreads (HandshakeForDeflation) done
Event: 8422.883 Executing non-safepoint VM operation: RendezvousGCThreads
Event: 8422.883 Executing non-safepoint VM operation: RendezvousGCThreads done

Memory protections (0 events):
No events

Nmethod flushes (20 events):
Event: 1864.412 Thread 0x0000022005abdb00 flushing  nmethod 0x000002200b253290
Event: 1864.412 Thread 0x0000022005abdb00 flushing  nmethod 0x000002200b253610
Event: 1864.412 Thread 0x0000022005abdb00 flushing  nmethod 0x000002200b256c90
Event: 1864.412 Thread 0x0000022005abdb00 flushing  nmethod 0x000002200b269310
Event: 1864.412 Thread 0x0000022005abdb00 flushing  nmethod 0x000002200b28a110
Event: 1864.412 Thread 0x0000022005abdb00 flushing  nmethod 0x000002200b28ff90
Event: 1864.412 Thread 0x0000022005abdb00 flushing  nmethod 0x000002200b311410
Event: 1864.413 Thread 0x0000022005abdb00 flushing  nmethod 0x000002200b36e210
Event: 1864.413 Thread 0x0000022005abdb00 flushing  nmethod 0x000002200b373b90
Event: 1864.414 Thread 0x0000022005abdb00 flushing  nmethod 0x000002200b3bf010
Event: 1864.414 Thread 0x0000022005abdb00 flushing  nmethod 0x000002200b3c0810
Event: 1864.414 Thread 0x0000022005abdb00 flushing  nmethod 0x000002200b3c1890
Event: 1864.414 Thread 0x0000022005abdb00 flushing  nmethod 0x000002200b3c6e90
Event: 1864.416 Thread 0x0000022005abdb00 flushing  nmethod 0x000002200b3cbd90
Event: 1864.416 Thread 0x0000022005abdb00 flushing  nmethod 0x000002200b3d0710
Event: 1864.416 Thread 0x0000022005abdb00 flushing  nmethod 0x000002200b3d0d10
Event: 1864.416 Thread 0x0000022005abdb00 flushing  nmethod 0x000002200b3f5290
Event: 1864.416 Thread 0x0000022005abdb00 flushing  nmethod 0x000002200b414090
Event: 1864.416 Thread 0x0000022005abdb00 flushing  nmethod 0x000002200b48d710
Event: 1864.417 Thread 0x0000022005abdb00 flushing  nmethod 0x000002200b4a2d10

Events (20 events):
Event: 6947.615 Thread 0x0000022064fda360 Thread added: 0x0000022064fdb080
Event: 6947.650 Thread 0x0000022064fdb080 Thread exited: 0x0000022064fdb080
Event: 6948.036 Thread 0x0000022064fda360 Thread added: 0x0000022064fdb080
Event: 6948.038 Thread 0x0000022064fdb080 Thread exited: 0x0000022064fdb080
Event: 6964.572 Thread 0x0000022064a0b540 Thread exited: 0x0000022064a0b540
Event: 6983.455 Thread 0x0000022064a073a0 Thread added: 0x0000022064fdb080
Event: 6983.553 Thread 0x0000022064fdb080 Thread added: 0x0000022064fd7c00
Event: 6983.764 Thread 0x0000022064fd7c00 Thread added: 0x0000022064a07a30
Event: 6983.862 Thread 0x0000022064fdb080 Thread added: 0x0000022064a0a190
Event: 6983.868 Thread 0x0000022064a07a30 Thread exited: 0x0000022064a07a30
Event: 6984.794 Thread 0x0000022064a0a190 Thread added: 0x0000022064a08750
Event: 6984.837 Thread 0x0000022064a0a190 Thread exited: 0x0000022064a0a190
Event: 7043.039 Thread 0x0000022064fd5b30 Thread exited: 0x0000022064fd5b30
Event: 7043.427 Thread 0x0000022064a06680 Thread exited: 0x0000022064a06680
Event: 7062.285 Thread 0x0000022064fd9cd0 Thread added: 0x0000022064a09b00
Event: 7063.260 Thread 0x0000022064fd7c00 Thread exited: 0x0000022064fd7c00
Event: 7093.419 Thread 0x0000022064fdb080 Thread exited: 0x0000022064fdb080
Event: 7122.308 Thread 0x0000022064a08750 Thread exited: 0x0000022064a08750
Event: 7123.727 Thread 0x0000022064fd9cd0 Thread exited: 0x0000022064fd9cd0
Event: 7183.741 Thread 0x0000022064a09b00 Thread exited: 0x0000022064a09b00


Dynamic libraries:
0x00007ff7291e0000 - 0x00007ff7291ee000 	c:\Users\andri\.antigravity\extensions\redhat.java-1.53.0-win32-x64\jre\21.0.10-win32-x86_64\bin\java.exe
0x00007ffdade20000 - 0x00007ffdae087000 	C:\WINDOWS\SYSTEM32\ntdll.dll
0x00007ffdac260000 - 0x00007ffdac329000 	C:\WINDOWS\System32\KERNEL32.DLL
0x00007ffdab640000 - 0x00007ffdaba31000 	C:\WINDOWS\System32\KERNELBASE.dll
0x00007ffdaa700000 - 0x00007ffdaa84b000 	C:\WINDOWS\System32\ucrtbase.dll
0x00007ffda13b0000 - 0x00007ffda13c8000 	c:\Users\andri\.antigravity\extensions\redhat.java-1.53.0-win32-x64\jre\21.0.10-win32-x86_64\bin\jli.dll
0x00007ffdacfe0000 - 0x00007ffdad1a5000 	C:\WINDOWS\System32\USER32.dll
0x00007ffdab0c0000 - 0x00007ffdab0e7000 	C:\WINDOWS\System32\win32u.dll
0x00007ffdacaa0000 - 0x00007ffdacacb000 	C:\WINDOWS\System32\GDI32.dll
0x00007ffdab2f0000 - 0x00007ffdab41b000 	C:\WINDOWS\System32\gdi32full.dll
0x00007ffdab4e0000 - 0x00007ffdab583000 	C:\WINDOWS\System32\msvcp_win.dll
0x00007ffd99150000 - 0x00007ffd9916e000 	c:\Users\andri\.antigravity\extensions\redhat.java-1.53.0-win32-x64\jre\21.0.10-win32-x86_64\bin\VCRUNTIME140.dll
0x00007ffd95660000 - 0x00007ffd958f3000 	C:\WINDOWS\WinSxS\amd64_microsoft.windows.common-controls_6595b64144ccf1df_6.0.26100.8037_none_3e092faae333b53b\COMCTL32.dll
0x00007ffdad9c0000 - 0x00007ffdada69000 	C:\WINDOWS\System32\msvcrt.dll
0x00007ffdadb80000 - 0x00007ffdadbb1000 	C:\WINDOWS\System32\IMM32.DLL
0x00007ffda5830000 - 0x00007ffda583c000 	c:\Users\andri\.antigravity\extensions\redhat.java-1.53.0-win32-x64\jre\21.0.10-win32-x86_64\bin\vcruntime140_1.dll
0x00007ffd8eb30000 - 0x00007ffd8ebbd000 	c:\Users\andri\.antigravity\extensions\redhat.java-1.53.0-win32-x64\jre\21.0.10-win32-x86_64\bin\msvcp140.dll
0x00007ffd089b0000 - 0x00007ffd09751000 	c:\Users\andri\.antigravity\extensions\redhat.java-1.53.0-win32-x64\jre\21.0.10-win32-x86_64\bin\server\jvm.dll
0x00007ffdabed0000 - 0x00007ffdabf8b000 	C:\WINDOWS\System32\ADVAPI32.dll
0x00007ffdadd30000 - 0x00007ffdaddd7000 	C:\WINDOWS\System32\sechost.dll
0x00007ffdad6a0000 - 0x00007ffdad7b8000 	C:\WINDOWS\System32\RPCRT4.dll
0x00007ffdadb00000 - 0x00007ffdadb74000 	C:\WINDOWS\System32\WS2_32.dll
0x00007ffdaa560000 - 0x00007ffdaa5be000 	C:\WINDOWS\SYSTEM32\POWRPROF.dll
0x00007ffd986f0000 - 0x00007ffd98725000 	C:\WINDOWS\SYSTEM32\WINMM.dll
0x00007ffda2060000 - 0x00007ffda206b000 	C:\WINDOWS\SYSTEM32\VERSION.dll
0x00007ffdaa540000 - 0x00007ffdaa554000 	C:\WINDOWS\SYSTEM32\UMPDC.dll
0x00007ffda9450000 - 0x00007ffda946b000 	C:\WINDOWS\SYSTEM32\kernel.appcore.dll
0x00007ffd98b40000 - 0x00007ffd98b4a000 	c:\Users\andri\.antigravity\extensions\redhat.java-1.53.0-win32-x64\jre\21.0.10-win32-x86_64\bin\jimage.dll
0x00007ffda8770000 - 0x00007ffda89b2000 	C:\WINDOWS\SYSTEM32\DBGHELP.DLL
0x00007ffdad290000 - 0x00007ffdad612000 	C:\WINDOWS\System32\combase.dll
0x00007ffdad1b0000 - 0x00007ffdad287000 	C:\WINDOWS\System32\OLEAUT32.dll
0x00007ffd97d90000 - 0x00007ffd97dcb000 	C:\WINDOWS\SYSTEM32\dbgcore.DLL
0x00007ffdab590000 - 0x00007ffdab635000 	C:\WINDOWS\System32\bcryptPrimitives.dll
0x00007ffd98a80000 - 0x00007ffd98a8f000 	c:\Users\andri\.antigravity\extensions\redhat.java-1.53.0-win32-x64\jre\21.0.10-win32-x86_64\bin\instrument.dll
0x00007ffd97c70000 - 0x00007ffd97c90000 	c:\Users\andri\.antigravity\extensions\redhat.java-1.53.0-win32-x64\jre\21.0.10-win32-x86_64\bin\java.dll
0x00007ffdac330000 - 0x00007ffdaca8f000 	C:\WINDOWS\System32\SHELL32.dll
0x00007ffdab180000 - 0x00007ffdab2ea000 	C:\WINDOWS\System32\wintypes.dll
0x00007ffdaa850000 - 0x00007ffdab0b4000 	C:\WINDOWS\System32\windows.storage.dll
0x00007ffdad7c0000 - 0x00007ffdad8b7000 	C:\WINDOWS\System32\SHCORE.dll
0x00007ffdada70000 - 0x00007ffdadad7000 	C:\WINDOWS\System32\shlwapi.dll
0x00007ffdaa620000 - 0x00007ffdaa649000 	C:\WINDOWS\SYSTEM32\profapi.dll
0x00007ffd90260000 - 0x00007ffd90278000 	c:\Users\andri\.antigravity\extensions\redhat.java-1.53.0-win32-x64\jre\21.0.10-win32-x86_64\bin\zip.dll
0x00007ffd98a70000 - 0x00007ffd98a80000 	C:\Users\andri\.antigravity\extensions\redhat.java-1.53.0-win32-x64\jre\21.0.10-win32-x86_64\bin\net.dll
0x00007ffd9e120000 - 0x00007ffd9e247000 	C:\WINDOWS\SYSTEM32\WINHTTP.dll
0x00007ffda99a0000 - 0x00007ffda9a0b000 	C:\WINDOWS\system32\mswsock.dll
0x00007ffd94460000 - 0x00007ffd94476000 	C:\Users\andri\.antigravity\extensions\redhat.java-1.53.0-win32-x64\jre\21.0.10-win32-x86_64\bin\nio.dll
0x00007ffd98960000 - 0x00007ffd98970000 	c:\Users\andri\.antigravity\extensions\redhat.java-1.53.0-win32-x64\jre\21.0.10-win32-x86_64\bin\verify.dll
0x00007ffd8be60000 - 0x00007ffd8bea5000 	C:\Users\andri\AppData\Roaming\Antigravity\User\globalStorage\redhat.java\1.53.0\config_win\org.eclipse.equinox.launcher\org.eclipse.equinox.launcher.win32.win32.x86_64_1.3.0.v20260203-2149\eclipse_11919.dll
0x00007ffdac0c0000 - 0x00007ffdac255000 	C:\WINDOWS\System32\ole32.dll
0x00007ffda1430000 - 0x00007ffda143a000 	C:\Users\andri\.antigravity\extensions\redhat.java-1.53.0-win32-x64\jre\21.0.10-win32-x86_64\bin\management.dll
0x00007ffd986a0000 - 0x00007ffd986ac000 	C:\Users\andri\.antigravity\extensions\redhat.java-1.53.0-win32-x64\jre\21.0.10-win32-x86_64\bin\management_ext.dll
0x00007ffdac020000 - 0x00007ffdac028000 	C:\WINDOWS\System32\PSAPI.DLL
0x00007ffda9da0000 - 0x00007ffda9dbb000 	C:\WINDOWS\SYSTEM32\CRYPTSP.dll
0x00007ffda93b0000 - 0x00007ffda93e9000 	C:\WINDOWS\system32\rsaenh.dll
0x00007ffda9a50000 - 0x00007ffda9a82000 	C:\WINDOWS\SYSTEM32\USERENV.dll
0x00007ffdaa5f0000 - 0x00007ffdaa61a000 	C:\WINDOWS\SYSTEM32\bcrypt.dll
0x00007ffda9c00000 - 0x00007ffda9c0c000 	C:\WINDOWS\SYSTEM32\CRYPTBASE.dll
0x00007ffda8e40000 - 0x00007ffda8e73000 	C:\WINDOWS\SYSTEM32\IPHLPAPI.DLL
0x00007ffdabbc0000 - 0x00007ffdabbca000 	C:\WINDOWS\System32\NSI.dll
0x00007ffd742c0000 - 0x00007ffd74309000 	C:\Users\andri\AppData\Local\Temp\jna-92958286\jna14350894151665551592.dll
0x00007ffda1390000 - 0x00007ffda13ad000 	C:\WINDOWS\SYSTEM32\dhcpcsvc6.DLL
0x00007ffd9e0f0000 - 0x00007ffd9e113000 	C:\WINDOWS\SYSTEM32\dhcpcsvc.DLL
0x00007ffda5a70000 - 0x00007ffda5a7e000 	C:\Users\andri\.antigravity\extensions\redhat.java-1.53.0-win32-x64\jre\21.0.10-win32-x86_64\bin\sunmscapi.dll
0x00007ffdaba40000 - 0x00007ffdabbb7000 	C:\WINDOWS\System32\CRYPT32.dll
0x00007ffda9f00000 - 0x00007ffda9f30000 	C:\WINDOWS\SYSTEM32\ncrypt.dll
0x00007ffda9eb0000 - 0x00007ffda9eef000 	C:\WINDOWS\SYSTEM32\NTASN1.dll
0x00007ffda8f30000 - 0x00007ffda905a000 	C:\WINDOWS\SYSTEM32\DNSAPI.dll
0x00007ffda1380000 - 0x00007ffda138b000 	C:\Windows\System32\rasadhlp.dll
0x00007ffd9d730000 - 0x00007ffd9d7b6000 	C:\WINDOWS\System32\fwpuclnt.dll
0x00007ffd98610000 - 0x00007ffd98619000 	C:\Users\andri\.antigravity\extensions\redhat.java-1.53.0-win32-x64\jre\21.0.10-win32-x86_64\bin\extnet.dll

JVMTI agents:
c:\Users\andri\.antigravity\extensions\redhat.java-1.53.0-win32-x64\lombok\lombok-1.18.39-4050.jar path:c:\Users\andri\.antigravity\extensions\redhat.java-1.53.0-win32-x64\jre\21.0.10-win32-x86_64\bin\instrument.dll, loaded, initialized, instrumentlib options:none

dbghelp: loaded successfully - version: 4.0.5 - missing functions: none
symbol engine: initialized successfully - sym options: 0x614 - pdb path: .;c:\Users\andri\.antigravity\extensions\redhat.java-1.53.0-win32-x64\jre\21.0.10-win32-x86_64\bin;C:\WINDOWS\SYSTEM32;C:\WINDOWS\WinSxS\amd64_microsoft.windows.common-controls_6595b64144ccf1df_6.0.26100.8037_none_3e092faae333b53b;c:\Users\andri\.antigravity\extensions\redhat.java-1.53.0-win32-x64\jre\21.0.10-win32-x86_64\bin\server;C:\Users\andri\AppData\Roaming\Antigravity\User\globalStorage\redhat.java\1.53.0\config_win\org.eclipse.equinox.launcher\org.eclipse.equinox.launcher.win32.win32.x86_64_1.3.0.v20260203-2149;C:\Users\andri\AppData\Local\Temp\jna-92958286

VM Arguments:
jvm_args: --add-modules=ALL-SYSTEM --add-opens=java.base/java.util=ALL-UNNAMED --add-opens=java.base/java.lang=ALL-UNNAMED --add-opens=java.base/sun.nio.fs=ALL-UNNAMED -Declipse.application=org.eclipse.jdt.ls.core.id1 -Dosgi.bundles.defaultStartLevel=4 -Declipse.product=org.eclipse.jdt.ls.core.product -Djava.import.generatesMetadataFilesAtProjectRoot=false -DDetectVMInstallationsJob.disabled=true -Dfile.encoding=utf8 -XX:+UseParallelGC -XX:GCTimeRatio=4 -XX:AdaptiveSizePolicyWeight=90 -Dsun.zip.disableMemoryMapping=true -Xmx2G -Xms100m -Xlog:disable -javaagent:c:\Users\andri\.antigravity\extensions\redhat.java-1.53.0-win32-x64\lombok\lombok-1.18.39-4050.jar -XX:+HeapDumpOnOutOfMemoryError -XX:HeapDumpPath=c:\Users\andri\AppData\Roaming\Antigravity\User\workspaceStorage\5c52631c389aa81b0f01dd8e63f1c069\redhat.java -Daether.dependencyCollector.impl=bf 
java_command: c:\Users\andri\.antigravity\extensions\redhat.java-1.53.0-win32-x64\server\plugins\org.eclipse.equinox.launcher_1.7.100.v20251111-0406.jar -configuration c:\Users\andri\AppData\Roaming\Antigravity\User\globalStorage\redhat.java\1.53.0\config_win -data c:\Users\andri\AppData\Roaming\Antigravity\User\workspaceStorage\5c52631c389aa81b0f01dd8e63f1c069\redhat.java\jdt_ws --pipe=\\.\pipe\lsp-2a980f97d490d5bbc5f9a96f24aff2ff-sock
java_class_path (initial): c:\Users\andri\.antigravity\extensions\redhat.java-1.53.0-win32-x64\server\plugins\org.eclipse.equinox.launcher_1.7.100.v20251111-0406.jar
Launcher Type: SUN_STANDARD

[Global flags]
    uintx AdaptiveSizePolicyWeight                 = 90                                        {product} {command line}
     intx CICompilerCount                          = 3                                         {product} {ergonomic}
    uintx GCTimeRatio                              = 4                                         {product} {command line}
     bool HeapDumpOnOutOfMemoryError               = true                                   {manageable} {command line}
    ccstr HeapDumpPath                             = c:\Users\andri\AppData\Roaming\Antigravity\User\workspaceStorage\5c52631c389aa81b0f01dd8e63f1c069\redhat.java         {manageable} {command line}
   size_t InitialHeapSize                          = 104857600                                 {product} {command line}
   size_t MaxHeapSize                              = 2147483648                                {product} {command line}
   size_t MaxNewSize                               = 715653120                                 {product} {ergonomic}
   size_t MinHeapDeltaBytes                        = 524288                                    {product} {ergonomic}
   size_t MinHeapSize                              = 104857600                                 {product} {command line}
   size_t NewSize                                  = 34603008                                  {product} {ergonomic}
    uintx NonNMethodCodeHeapSize                   = 5832780                                {pd product} {ergonomic}
    uintx NonProfiledCodeHeapSize                  = 122912730                              {pd product} {ergonomic}
   size_t OldSize                                  = 70254592                                  {product} {ergonomic}
    uintx ProfiledCodeHeapSize                     = 122912730                              {pd product} {ergonomic}
    uintx ReservedCodeCacheSize                    = 251658240                              {pd product} {ergonomic}
     bool SegmentedCodeCache                       = true                                      {product} {ergonomic}
   size_t SoftMaxHeapSize                          = 2147483648                             {manageable} {ergonomic}
     bool UseCompressedOops                        = true                           {product lp64_product} {ergonomic}
     bool UseLargePagesIndividualAllocation        = false                                  {pd product} {ergonomic}
     bool UseParallelGC                            = true                                      {product} {command line}

Logging:
Log output configuration:
 #0: stdout all=off uptime,level,tags foldmultilines=false
 #1: stderr all=off uptime,level,tags foldmultilines=false

Release file:
JAVA_VERSION="21.0.10" 
MODULES="java.base java.compiler java.datatransfer java.xml java.prefs java.desktop java.instrument java.logging java.management java.security.sasl java.naming java.rmi java.management.rmi java.net.http java.scripting java.security.jgss java.transaction.xa java.sql java.sql.rowset java.xml.crypto java.se java.smartcardio jdk.accessibility jdk.internal.jvmstat jdk.attach jdk.charsets jdk.internal.opt jdk.zipfs jdk.compiler jdk.crypto.ec jdk.crypto.cryptoki jdk.crypto.mscapi jdk.dynalink jdk.internal.ed jdk.editpad jdk.hotspot.agent jdk.httpserver jdk.internal.le jdk.internal.vm.ci jdk.internal.vm.compiler jdk.internal.vm.compiler.management jdk.jartool jdk.javadoc jdk.jcmd jdk.management jdk.management.agent jdk.jconsole jdk.jdeps jdk.jdwp.agent jdk.jdi jdk.jfr jdk.jshell jdk.jsobject jdk.jstatd jdk.localedata jdk.management.jfr jdk.naming.dns jdk.naming.rmi jdk.net jdk.nio.mapmode jdk.random jdk.sctp jdk.security.auth jdk.security.jgss jdk.unsupported jdk.unsupported.desktop jdk.xml.dom" 

Environment Variables:
PATH=C:\Program Files\Common Files\Oracle\Java\javapath;C:\WINDOWS\system32;C:\WINDOWS;C:\WINDOWS\System32\Wbem;C:\WINDOWS\System32\WindowsPowerShell\v1.0\;C:\WINDOWS\System32\OpenSSH\;C:\Program Files\Git\cmd;C:\Program Files\nodejs\;C:\steghide;C:\Program Files\Java\jdk-25\bin;C:\Users\andri\AppData\Local\Microsoft\WindowsApps;C:\Users\andri\AppData\Local\Programs\Microsoft VS Code\bin;C:\msys64\ucrt64\bin;C:\Users\andri\AppData\Local\spicetify;C:\Users\andri\AppData\Local\Microsoft\WindowsApps;C:\Users\andri\AppData\Roaming\npm;C:\Users\andri\AppData\Local\atom\bin;C:\Users\andri\AppData\Local\Programs\Antigravity\bin
USERNAME=andri
OS=Windows_NT
PROCESSOR_IDENTIFIER=Intel64 Family 6 Model 156 Stepping 0, GenuineIntel
TMP=C:\Users\andri\AppData\Local\Temp
TEMP=C:\Users\andri\AppData\Local\Temp




Periodic native trim disabled

---------------  S Y S T E M  ---------------

OS:
 Windows 11 , 64 bit Build 26100 (10.0.26100.7920)
OS uptime: 15 days 2:24 hours
Hyper-V role detected

CPU: total 4 (initial active 4) (4 cores per cpu, 1 threads per core) family 6 model 156 stepping 0 microcode 0x1d, cx8, cmov, fxsr, mmx, 3dnowpref, sse, sse2, sse3, ssse3, sse4.1, sse4.2, popcnt, tsc, tscinvbit, aes, erms, clmul, sha, clflush, clflushopt, clwb, hv, rdtscp, rdpid
Processor Information for the first 4 processors :
  Max Mhz: 1114, Current Mhz: 1114, Mhz Limit: 1114

Memory: 4k page, system-wide physical 3901M (249M free)
TotalPageFile size 15677M (AvailPageFile size 82M)
current process WorkingSet (physical memory assigned to process): 7M, peak: 651M
current process commit charge ("private bytes"): 1048M, peak: 1065M

vm_info: OpenJDK 64-Bit Server VM (21.0.10+7-LTS) for windows-amd64 JRE (21.0.10+7-LTS), built on 2026-01-20T00:00:00Z by "admin" with MS VC++ 17.12 (VS2022)

END.
